=== RUN   TestLLVME2E
--- FAIL: TestLLVME2E (0.01s)
panic: store operands are not compatible: src=%Point*; dst=i32* [recovered]
	panic: store operands are not compatible: src=%Point*; dst=i32*

goroutine 34 [running]:
testing.tRunner.func1.2({0x10050bf00, 0x140001986f0})
	/usr/local/go/src/testing/testing.go:1632 +0x1bc
testing.tRunner.func1()
	/usr/local/go/src/testing/testing.go:1635 +0x334
panic({0x10050bf00?, 0x140001986f0?})
	/usr/local/go/src/runtime/panic.go:785 +0x124
github.com/llir/llvm/ir.NewStore({0x1005429b0, 0x140001c5e30}, {0x1005429b0, 0x140001c5dc0})
	/Users/jaakkolukkari/Development/go-workspace/pkg/mod/github.com/llir/llvm@v0.3.6/ir/inst_memory.go:224 +0x164
github.com/llir/llvm/ir.(*Block).NewStore(...)
	/Users/jaakkolukkari/Development/go-workspace/pkg/mod/github.com/llir/llvm@v0.3.6/ir/block_memory.go:36
github.com/orktes/orlang/codegen/llvm.(*LLVMCodeGen).visitVariableDeclaration(0x140001aa4e0, 0x1400018c690)
	/Users/jaakkolukkari/Development/orlang/codegen/llvm/llvmcodegen.go:318 +0x598
github.com/orktes/orlang/codegen/llvm.(*LLVMCodeGen).Visit(0x140001aa4e0, {0x1005420f8?, 0x1400018c690?})
	/Users/jaakkolukkari/Development/orlang/codegen/llvm/llvmcodegen.go:263 +0x27c
github.com/orktes/orlang/ast.Walk({0x100541aa0?, 0x140001aa4e0?}, {0x1005420f8, 0x1400018c690})
	/Users/jaakkolukkari/Development/orlang/ast/walk.go:29 +0xcc
github.com/orktes/orlang/codegen/llvm.(*LLVMCodeGen).Visit(0x140001aa4e0, {0x100541f18?, 0x140001a69c0?})
	/Users/jaakkolukkari/Development/orlang/codegen/llvm/llvmcodegen.go:241 +0x308
github.com/orktes/orlang/ast.Walk({0x100541aa0?, 0x140001aa4e0?}, {0x100541f18, 0x140001a69c0})
	/Users/jaakkolukkari/Development/orlang/ast/walk.go:29 +0xcc
github.com/orktes/orlang/codegen/llvm.(*LLVMCodeGen).visitFunctionDeclaration(0x140001aa4e0, 0x14000198370)
	/Users/jaakkolukkari/Development/orlang/codegen/llvm/llvmcodegen.go:430 +0xc2c
github.com/orktes/orlang/codegen/llvm.(*LLVMCodeGen).Visit(0x140001aa4e0, {0x100541f40?, 0x14000198370?})
	/Users/jaakkolukkari/Development/orlang/codegen/llvm/llvmcodegen.go:237 +0xc4
github.com/orktes/orlang/ast.Walk({0x100541aa0?, 0x140001aa4e0?}, {0x100541f40, 0x14000198370})
	/Users/jaakkolukkari/Development/orlang/ast/walk.go:29 +0xcc
github.com/orktes/orlang/ast.Walk({0x100541aa0?, 0x140001aa4e0?}, {0x100541db0, 0x140001b40f0})
	/Users/jaakkolukkari/Development/orlang/ast/walk.go:58 +0xc64
github.com/orktes/orlang/codegen/llvm.(*LLVMCodeGen).Generate(0x140001aa4e0, 0x140001c6060?)
	/Users/jaakkolukkari/Development/orlang/codegen/llvm/llvmcodegen.go:41 +0x5c
github.com/orktes/orlang/e2e.TestLLVME2E(0x140001ae680)
	/Users/jaakkolukkari/Development/orlang/e2e/llvm_test.go:67 +0x368
testing.tRunner(0x140001ae680, 0x10053ff80)
	/usr/local/go/src/testing/testing.go:1690 +0xe4
created by testing.(*T).Run in goroutine 1
	/usr/local/go/src/testing/testing.go:1743 +0x314
FAIL	github.com/orktes/orlang/e2e	0.226s
FAIL
